Generated at 2016-11-09 00:02:31 +0900
Net::HTTPFatalError: 500 "Internal Server Error"
/Users/kusumoto/.rbenv/versions/2.2.3/lib/ruby/2.2.0/net/http/response.rb:119:in `error!'
/Users/kusumoto/.rbenv/versions/2.2.3/lib/ruby/gems/2.2.0/gems/chef-12.14.89/lib/chef/http.rb:150:in `request'
/Users/kusumoto/.rbenv/versions/2.2.3/lib/ruby/gems/2.2.0/gems/chef-12.14.89/lib/chef/http.rb:131:in `post'
/Users/kusumoto/.rbenv/versions/2.2.3/lib/ruby/gems/2.2.0/gems/chef-12.14.89/lib/chef/node.rb:620:in `create'
/Users/kusumoto/.rbenv/versions/2.2.3/lib/ruby/gems/2.2.0/gems/chef-12.14.89/lib/chef/node.rb:573:in `rescue in find_or_create'
/Users/kusumoto/.rbenv/versions/2.2.3/lib/ruby/gems/2.2.0/gems/chef-12.14.89/lib/chef/node.rb:569:in `find_or_create'
/Users/kusumoto/.rbenv/versions/2.2.3/lib/ruby/gems/2.2.0/gems/chef-12.14.89/lib/chef/policy_builder/dynamic.rb:72:in `load_node'
/Users/kusumoto/.rbenv/versions/2.2.3/lib/ruby/gems/2.2.0/gems/chef-12.14.89/lib/chef/client.rb:467:in `load_node'
/Users/kusumoto/.rbenv/versions/2.2.3/lib/ruby/gems/2.2.0/gems/chef-12.14.89/lib/chef/client.rb:269:in `run'
/Users/kusumoto/.rbenv/versions/2.2.3/lib/ruby/gems/2.2.0/gems/chef-12.14.89/lib/chef/application.rb:302:in `block in fork_chef_client'
/Users/kusumoto/.rbenv/versions/2.2.3/lib/ruby/gems/2.2.0/gems/chef-12.14.89/lib/chef/application.rb:290:in `fork'
/Users/kusumoto/.rbenv/versions/2.2.3/lib/ruby/gems/2.2.0/gems/chef-12.14.89/lib/chef/application.rb:290:in `fork_chef_client'
/Users/kusumoto/.rbenv/versions/2.2.3/lib/ruby/gems/2.2.0/gems/chef-12.14.89/lib/chef/application.rb:255:in `block in run_chef_client'
/Users/kusumoto/.rbenv/versions/2.2.3/lib/ruby/gems/2.2.0/gems/chef-12.14.89/lib/chef/local_mode.rb:44:in `with_server_connectivity'
/Users/kusumoto/.rbenv/versions/2.2.3/lib/ruby/gems/2.2.0/gems/chef-12.14.89/lib/chef/application.rb:243:in `run_chef_client'
/Users/kusumoto/.rbenv/versions/2.2.3/lib/ruby/gems/2.2.0/gems/chef-12.14.89/lib/chef/application/client.rb:464:in `sleep_then_run_chef_client'
/Users/kusumoto/.rbenv/versions/2.2.3/lib/ruby/gems/2.2.0/gems/chef-12.14.89/lib/chef/application/client.rb:451:in `block in interval_run_chef_client'
/Users/kusumoto/.rbenv/versions/2.2.3/lib/ruby/gems/2.2.0/gems/chef-12.14.89/lib/chef/application/client.rb:450:in `loop'
/Users/kusumoto/.rbenv/versions/2.2.3/lib/ruby/gems/2.2.0/gems/chef-12.14.89/lib/chef/application/client.rb:450:in `interval_run_chef_client'
/Users/kusumoto/.rbenv/versions/2.2.3/lib/ruby/gems/2.2.0/gems/chef-12.14.89/lib/chef/application/client.rb:434:in `run_application'
/Users/kusumoto/.rbenv/versions/2.2.3/lib/ruby/gems/2.2.0/gems/chef-12.14.89/lib/chef/application.rb:60:in `run'
/Users/kusumoto/.rbenv/versions/2.2.3/lib/ruby/gems/2.2.0/gems/chef-12.14.89/lib/chef/application/solo.rb:226:in `run'
/Users/kusumoto/.rbenv/versions/2.2.3/lib/ruby/gems/2.2.0/gems/chef-12.14.89/bin/chef-solo:25:in `<top (required)>'
/Users/kusumoto/.rbenv/versions/2.2.3/bin/chef-solo:23:in `load'
/Users/kusumoto/.rbenv/versions/2.2.3/bin/chef-solo:23:in `<main>'

>>>> Caused by Net::HTTPServerException: 404 "Not Found"
/Users/kusumoto/.rbenv/versions/2.2.3/lib/ruby/2.2.0/net/http/response.rb:119:in `error!'
/Users/kusumoto/.rbenv/versions/2.2.3/lib/ruby/gems/2.2.0/gems/chef-12.14.89/lib/chef/http.rb:150:in `request'
/Users/kusumoto/.rbenv/versions/2.2.3/lib/ruby/gems/2.2.0/gems/chef-12.14.89/lib/chef/http.rb:115:in `get'
/Users/kusumoto/.rbenv/versions/2.2.3/lib/ruby/gems/2.2.0/gems/chef-12.14.89/lib/chef/node.rb:585:in `load'
/Users/kusumoto/.rbenv/versions/2.2.3/lib/ruby/gems/2.2.0/gems/chef-12.14.89/lib/chef/node.rb:569:in `find_or_create'
/Users/kusumoto/.rbenv/versions/2.2.3/lib/ruby/gems/2.2.0/gems/chef-12.14.89/lib/chef/policy_builder/dynamic.rb:72:in `load_node'
/Users/kusumoto/.rbenv/versions/2.2.3/lib/ruby/gems/2.2.0/gems/chef-12.14.89/lib/chef/client.rb:467:in `load_node'
/Users/kusumoto/.rbenv/versions/2.2.3/lib/ruby/gems/2.2.0/gems/chef-12.14.89/lib/chef/client.rb:269:in `run'
/Users/kusumoto/.rbenv/versions/2.2.3/lib/ruby/gems/2.2.0/gems/chef-12.14.89/lib/chef/application.rb:302:in `block in fork_chef_client'
/Users/kusumoto/.rbenv/versions/2.2.3/lib/ruby/gems/2.2.0/gems/chef-12.14.89/lib/chef/application.rb:290:in `fork'
/Users/kusumoto/.rbenv/versions/2.2.3/lib/ruby/gems/2.2.0/gems/chef-12.14.89/lib/chef/application.rb:290:in `fork_chef_client'
/Users/kusumoto/.rbenv/versions/2.2.3/lib/ruby/gems/2.2.0/gems/chef-12.14.89/lib/chef/application.rb:255:in `block in run_chef_client'
/Users/kusumoto/.rbenv/versions/2.2.3/lib/ruby/gems/2.2.0/gems/chef-12.14.89/lib/chef/local_mode.rb:44:in `with_server_connectivity'
/Users/kusumoto/.rbenv/versions/2.2.3/lib/ruby/gems/2.2.0/gems/chef-12.14.89/lib/chef/application.rb:243:in `run_chef_client'
/Users/kusumoto/.rbenv/versions/2.2.3/lib/ruby/gems/2.2.0/gems/chef-12.14.89/lib/chef/application/client.rb:464:in `sleep_then_run_chef_client'
/Users/kusumoto/.rbenv/versions/2.2.3/lib/ruby/gems/2.2.0/gems/chef-12.14.89/lib/chef/application/client.rb:451:in `block in interval_run_chef_client'
/Users/kusumoto/.rbenv/versions/2.2.3/lib/ruby/gems/2.2.0/gems/chef-12.14.89/lib/chef/application/client.rb:450:in `loop'
/Users/kusumoto/.rbenv/versions/2.2.3/lib/ruby/gems/2.2.0/gems/chef-12.14.89/lib/chef/application/client.rb:450:in `interval_run_chef_client'
/Users/kusumoto/.rbenv/versions/2.2.3/lib/ruby/gems/2.2.0/gems/chef-12.14.89/lib/chef/application/client.rb:434:in `run_application'
/Users/kusumoto/.rbenv/versions/2.2.3/lib/ruby/gems/2.2.0/gems/chef-12.14.89/lib/chef/application.rb:60:in `run'
/Users/kusumoto/.rbenv/versions/2.2.3/lib/ruby/gems/2.2.0/gems/chef-12.14.89/lib/chef/application/solo.rb:226:in `run'
/Users/kusumoto/.rbenv/versions/2.2.3/lib/ruby/gems/2.2.0/gems/chef-12.14.89/bin/chef-solo:25:in `<top (required)>'
/Users/kusumoto/.rbenv/versions/2.2.3/bin/chef-solo:23:in `load'
/Users/kusumoto/.rbenv/versions/2.2.3/bin/chef-solo:23:in `<main>'